// Jest Snapshot v1, https://goo.gl/fbAQLP

exports[`Favourites component should render correctly 1`] = `
.c0 {
  display: -webkit-box;
  display: -webkit-flex;
  display: -ms-flexbox;
  display: flex;
  -webkit-box-pack: justify;
  -webkit-justify-content: space-between;
  -ms-flex-pack: justify;
  justify-content: space-between;
  margin-top: 40px;
}

.c1 {
  font-size: 30pt;
  font-weight: 500;
  color: #85898C;
}

.c2 {
  border: none;
  background-color: #F1F1F1;
  color: #8B9396;
  padding: 0 12px;
  width: 400px;
  margin-right: 20px;
  border-radius: 2px;
  height: 100%;
}

.c3 {
  border: none;
  background-color: #708189;
  color: #ffffff;
  border-radius: 50%;
  padding: 0 14px;
  font-size: 25pt;
}

<div
  class="c0"
>
  <div
    class="c1"
  >
    Избранное
  </div>
  <form
    style="display: flex;"
  >
    <input
      class="c2"
      placeholder="Добавить новый город"
    />
    <button
      class="c3"
      type="submit"
    >
      +
    </button>
  </form>
</div>
`;
