// Jest Snapshot v1, https://goo.gl/fbAQLP

exports[`FavTown component should render correctly 1`] = `
.c6 {
  width: 100%;
  text-align: center;
  margin-top: 20px;
}

.c7 {
  font-size: 25px;
  text-align: center;
  color: #6F8185;
}

.c8 {
  width: 250px;
  height: 80px;
  margin-top: 20px;
  background-color: #C9D2D7;
  border: none;
}

.c8 svg {
  width: 50px;
  height: 50px;
  fill: #6F8185;
}

.c1 {
  display: -webkit-box;
  display: -webkit-flex;
  display: -ms-flexbox;
  display: flex;
  -webkit-box-pack: justify;
  -webkit-justify-content: space-between;
  -ms-flex-pack: justify;
  justify-content: space-between;
  height: 46px;
}

.c0 {
  width: 45%;
  margin-bottom: 20px;
}

.c2 {
  font-size: 26pt;
  font-weight: 700;
  color: #71848B;
}

.c3 {
  font-size: 26pt;
  color: #71848B;
  display: none;
}

.c4 {
  width: 50px;
  height: 40px;
  float: left;
  border: 3px solid #71848B;
  text-align: center;
  color: #6E8084;
  font-size: 10pt;
  display: none;
}

.c4 img {
  width: 50px;
  height: 40px;
}

.c5 {
  -webkit-transform: rotate(45deg);
  -ms-transform: rotate(45deg);
  transform: rotate(45deg);
  border: none;
  background-color: #708189;
  color: #ffffff;
  border-radius: 50%;
  padding: 0 14px;
  font-size: 25pt;
}

<div
  class="c0"
>
  <div
    class="c1"
  >
    <div
      class="c2"
    />
    <div
      class="c3"
    >
      °C
    </div>
    <div
      class="c4"
    >
      <img
        alt="icon"
      />
    </div>
    <button
      class="c5"
    >
      +
    </button>
  </div>
  <div
    class="c6"
  >
    <div
      class="c7"
    >
      Подождите, данные загружаются
    </div>
    <button
      class="c8"
    >
      <svg>
        Refresh.svg
      </svg>
    </button>
  </div>
</div>
`;
